Num of arguments: 2
Salut!
	- Arg 0: ./tema3 	- Arg 1: tests/db/big.db 

