0 USO Becali 
1 PCLP1 Timu An
2 SDA Pogoran
3 Fizica Grigore
4 SO Roman A
5 Analiza Pancila
6 MN Petic T
7 EGC Ionescu
8 Algebra Lupu Ci
9 PL Gheorgh
10 POO Rebej A
11 RC Muntean
12 IA Pogoran
13 BD Pancila
14 ASC Dinu An
15 CN Roata T
16 MDS Popescu
17 PC Dumitru
18 SGBD Stoica 
19 PS Becali 
20 ISC Pogoran
