Note: "4.0 4.0 1.0"
Nota laborator: 4.00
Nota partial: 4.00
Nota final: 1.00
Note: "5.0 5.0 0.0"
Nota laborator: 5.00
Nota partial: 5.00
Nota final: 0.00
0 Nicolescu Elena 3 t 4.34
1 Pogoran Adrian 4 t -nan
2 Trandaf Denisa 1 b -nan
3 Ionescu Teodor 4 b -nan
4 Popescu Adrian 3 b -nan
5 Encea Cristina 3 t -nan
6 Ionescu Andrei 1 b -nan
7 Roman Denisa 4 b -nan
8 Ionescu Florentina 4 b -nan
9 Petrescu Florentina 3 b -nan
