0 Nicolescu Elena 3 7.62 t
1 Pogoran Adrian 4 2.84 b
2 Trandaf Denisa 1 6.22 b
3 Ionescu Teodor 4 5.52 b
4 Popescu Adrian 3 7.74 t
5 Encea Cristina 3 7.13 t
6 Ionescu Andrei 1 4.66 b
7 Roman Denisa 4 5.23 b
8 Ionescu Florentina 4 5.84 b
9 Petrescu Florentina 3 6.16 t
