aici
aici NU
bine 3
camp[0] = "id"
camp[1] = "nume"
camp[2] = "nume_titular"
0 USO Roman Florentina
1 PCPP1 Pancila Daniela
2 SDA Ionescu Diana
3 Fizica Petrescu Cristina
4 SO Gheorghita Daniela
5 Analiza Tudor Alina
6 MN Sandu Nicoleta
7 EGC Petic Vlad
8 Algebra Sarbu Daniela
