6 Ionescu Andrei 1 b 4.7
7 Roman Denisa 4 b 5.2
8 Ionescu Florentina 4 b 5.8
9 Petrescu Florentina 3 b 6.2
0
4
5
7
8
9
