"id_student" "=" "1"
id_student
id_student
 id_materie
id_materie
 note
ntee
Camp[0] = "id_student"
bine 3
camp[0] = "id_student"
camp[1] = "id_materie"
camp[2] = "ntee"
1 8 
