0 USO Roman F
1 PCLP1 Pancila
2 SDA Ionescu
3 Fizica Petresc
4 SO Gheorgh
5 Analiza Tudor A
6 MN Sandu N
7 EGC Petic V
8 Algebra Sarbu D
