Num of arguments: 2
	- Arg 0: ./tema3 	- Arg 1: tests/db/small.db 

