Sterge studentul cu ID = 0
Pogoran Adrian 2.84
Pogoran Adrian 2.84
Trandaf Denisa 6.22
Ionescu Teodor 5.52
Popescu Adrian 7.74
Encea Cristina 7.13
Ionescu Andrei 4.66
Roman Denisa 5.23
Ionescu Florentina 5.84
